Archive member included because of file (symbol)

c:/program files (x86)/atmel/atmel toolchain/avr8 gcc/native/3.4.2.939/avr8-gnu-toolchain/bin/../lib/gcc/avr/4.7.2/avr5\libgcc.a(_exit.o)
                              c:/program files (x86)/atmel/atmel toolchain/avr8 gcc/native/3.4.2.939/avr8-gnu-toolchain/bin/../lib/gcc/avr/4.7.2/../../../../avr/lib/avr5/crtm32.o (exit)
c:/program files (x86)/atmel/atmel toolchain/avr8 gcc/native/3.4.2.939/avr8-gnu-toolchain/bin/../lib/gcc/avr/4.7.2/avr5\libgcc.a(_copy_data.o)
                              APP/main.o (__do_copy_data)
c:/program files (x86)/atmel/atmel toolchain/avr8 gcc/native/3.4.2.939/avr8-gnu-toolchain/bin/../lib/gcc/avr/4.7.2/avr5\libgcc.a(_clear_bss.o)
                              OS/Src/heap_4.o (__do_clear_bss)
c:/program files (x86)/atmel/atmel toolchain/avr8 gcc/native/3.4.2.939/avr8-gnu-toolchain/bin/../lib/gcc/avr/4.7.2/../../../../avr/lib/avr5\libc.a(memcpy.o)
                              OS/Src/queue.o (memcpy)

Discarded input sections

 .bss           0x00000000        0x0 c:/program files (x86)/atmel/atmel toolchain/avr8 gcc/native/3.4.2.939/avr8-gnu-toolchain/bin/../lib/gcc/avr/4.7.2/../../../../avr/lib/avr5/crtm32.o
 .text          0x00000000        0x0 APP/main.o
 .bss           0x00000000        0x0 APP/main.o
 .text          0x00000000        0x0 HAL/LED/Src/Led.o
 .bss           0x00000000        0x0 HAL/LED/Src/Led.o
 .text.Led_Init
                0x00000000       0x20 HAL/LED/Src/Led.o
 .text.Led_ON   0x00000000       0x30 HAL/LED/Src/Led.o
 .text.Led_OFF  0x00000000       0x30 HAL/LED/Src/Led.o
 .text.Led_Toggle
                0x00000000       0x2a HAL/LED/Src/Led.o
 .text          0x00000000        0x0 MCAL/DIO/Src/Dio.o
 .bss           0x00000000        0x0 MCAL/DIO/Src/Dio.o
 .text.Dio_ConfigChannel
                0x00000000       0xfa MCAL/DIO/Src/Dio.o
 .text.Dio_WriteChannel
                0x00000000       0xfa MCAL/DIO/Src/Dio.o
 .text.Dio_FlipChannel
                0x00000000       0x78 MCAL/DIO/Src/Dio.o
 .text.Dio_ReadChannel
                0x00000000       0x64 MCAL/DIO/Src/Dio.o
 .text.Dio_WriteChannels
                0x00000000       0x58 MCAL/DIO/Src/Dio.o
 .text.Dio_ConfigChannels
                0x00000000       0x68 MCAL/DIO/Src/Dio.o
 .text          0x00000000        0x0 MCAL/UART/Src/Uart.o
 .bss           0x00000000        0x0 MCAL/UART/Src/Uart.o
 .text.UART_ReceiveChr
                0x00000000        0x8 MCAL/UART/Src/Uart.o
 .text          0x00000000        0x0 OS/Src/croutine.o
 .bss           0x00000000        0x0 OS/Src/croutine.o
 .text          0x00000000        0x0 OS/Src/heap_4.o
 .bss           0x00000000        0x0 OS/Src/heap_4.o
 .text.xPortGetFreeHeapSize
                0x00000000        0xa OS/Src/heap_4.o
 .text.xPortGetMinimumEverFreeHeapSize
                0x00000000        0xa OS/Src/heap_4.o
 .text.vPortInitialiseBlocks
                0x00000000        0x2 OS/Src/heap_4.o
 .text          0x00000000        0x0 OS/Src/list.o
 .bss           0x00000000        0x0 OS/Src/list.o
 .text          0x00000000        0x0 OS/Src/port.o
 .bss           0x00000000        0x0 OS/Src/port.o
 .text.vPortEndScheduler
                0x00000000        0x2 OS/Src/port.o
 .text          0x00000000        0x0 OS/Src/queue.o
 .bss           0x00000000        0x0 OS/Src/queue.o
 .text.prvCopyDataFromQueue
                0x00000000       0x36 OS/Src/queue.o
 .text.prvCopyDataToQueue
                0x00000000       0x96 OS/Src/queue.o
 .text.prvUnlockQueue
                0x00000000       0x98 OS/Src/queue.o
 .text.xQueueGenericReset
                0x00000000       0x8c OS/Src/queue.o
 .text.xQueueGenericCreate
                0x00000000       0x68 OS/Src/queue.o
 .text.xQueueGenericSend
                0x00000000      0x144 OS/Src/queue.o
 .text.xQueueGenericSendFromISR
                0x00000000       0x68 OS/Src/queue.o
 .text.xQueueGiveFromISR
                0x00000000       0x56 OS/Src/queue.o
 .text.xQueueGenericReceive
                0x00000000      0x158 OS/Src/queue.o
 .text.xQueueReceiveFromISR
                0x00000000       0x66 OS/Src/queue.o
 .text.xQueuePeekFromISR
                0x00000000       0x2e OS/Src/queue.o
 .text.uxQueueMessagesWaiting
                0x00000000       0x10 OS/Src/queue.o
 .text.uxQueueSpacesAvailable
                0x00000000       0x16 OS/Src/queue.o
 .text.uxQueueMessagesWaitingFromISR
                0x00000000        0x6 OS/Src/queue.o
 .text.vQueueDelete
                0x00000000        0x6 OS/Src/queue.o
 .text.xQueueIsQueueEmptyFromISR
                0x00000000        0xc OS/Src/queue.o
 .text.xQueueIsQueueFullFromISR
                0x00000000        0xe OS/Src/queue.o
 .text          0x00000000        0x0 OS/Src/tasks.o
 .bss           0x00000000        0x0 OS/Src/tasks.o
 .text.vTaskDelete
                0x00000000       0x90 OS/Src/tasks.o
 .text.vTaskEndScheduler
                0x00000000        0xc OS/Src/tasks.o
 .text.xTaskGetTickCount
                0x00000000       0x18 OS/Src/tasks.o
 .text.xTaskGetTickCountFromISR
                0x00000000        0xe OS/Src/tasks.o
 .text.uxTaskGetNumberOfTasks
                0x00000000        0x6 OS/Src/tasks.o
 .text.vTaskDelayUntil
                0x00000000       0x84 OS/Src/tasks.o
 .text.vTaskPlaceOnEventList
                0x00000000       0x3a OS/Src/tasks.o
 .text.vTaskPlaceOnUnorderedEventList
                0x00000000       0x48 OS/Src/tasks.o
 .text.xTaskRemoveFromEventList
                0x00000000       0x92 OS/Src/tasks.o
 .text.xTaskRemoveFromUnorderedEventList
                0x00000000       0x74 OS/Src/tasks.o
 .text.vTaskSetTimeOutState
                0x00000000       0x16 OS/Src/tasks.o
 .text.xTaskCheckForTimeOut
                0x00000000       0x66 OS/Src/tasks.o
 .text.vTaskMissedYield
                0x00000000        0x8 OS/Src/tasks.o
 .text.uxTaskResetEventItemValue
                0x00000000       0x2e OS/Src/tasks.o
 .text.ulTaskNotifyTake
                0x00000000       0xd2 OS/Src/tasks.o
 .text.xTaskNotifyWait
                0x00000000      0x11e OS/Src/tasks.o
 .text.xTaskGenericNotify
                0x00000000      0x108 OS/Src/tasks.o
 .text.xTaskGenericNotifyFromISR
                0x00000000      0x12a OS/Src/tasks.o
 .text.vTaskNotifyGiveFromISR
                0x00000000       0xae OS/Src/tasks.o
 .text.xTaskNotifyStateClear
                0x00000000       0x2a OS/Src/tasks.o
 .text          0x00000000        0x0 OS/Src/timers.o
 .bss           0x00000000        0x0 OS/Src/timers.o
 .text          0x00000000        0x0 c:/program files (x86)/atmel/atmel toolchain/avr8 gcc/native/3.4.2.939/avr8-gnu-toolchain/bin/../lib/gcc/avr/4.7.2/avr5\libgcc.a(_exit.o)
 .bss           0x00000000        0x0 c:/program files (x86)/atmel/atmel toolchain/avr8 gcc/native/3.4.2.939/avr8-gnu-toolchain/bin/../lib/gcc/avr/4.7.2/avr5\libgcc.a(_exit.o)
 .text.libgcc.mul
                0x00000000        0x0 c:/program files (x86)/atmel/atmel toolchain/avr8 gcc/native/3.4.2.939/avr8-gnu-toolchain/bin/../lib/gcc/avr/4.7.2/avr5\libgcc.a(_exit.o)
 .text.libgcc.div
                0x00000000        0x0 c:/program files (x86)/atmel/atmel toolchain/avr8 gcc/native/3.4.2.939/avr8-gnu-toolchain/bin/../lib/gcc/avr/4.7.2/avr5\libgcc.a(_exit.o)
 .text.libgcc   0x00000000        0x0 c:/program files (x86)/atmel/atmel toolchain/avr8 gcc/native/3.4.2.939/avr8-gnu-toolchain/bin/../lib/gcc/avr/4.7.2/avr5\libgcc.a(_exit.o)
 .text.libgcc.prologue
                0x00000000        0x0 c:/program files (x86)/atmel/atmel toolchain/avr8 gcc/native/3.4.2.939/avr8-gnu-toolchain/bin/../lib/gcc/avr/4.7.2/avr5\libgcc.a(_exit.o)
 .text.libgcc.builtins
                0x00000000        0x0 c:/program files (x86)/atmel/atmel toolchain/avr8 gcc/native/3.4.2.939/avr8-gnu-toolchain/bin/../lib/gcc/avr/4.7.2/avr5\libgcc.a(_exit.o)
 .text.libgcc.fmul
                0x00000000        0x0 c:/program files (x86)/atmel/atmel toolchain/avr8 gcc/native/3.4.2.939/avr8-gnu-toolchain/bin/../lib/gcc/avr/4.7.2/avr5\libgcc.a(_exit.o)
 .text          0x00000000        0x0 c:/program files (x86)/atmel/atmel toolchain/avr8 gcc/native/3.4.2.939/avr8-gnu-toolchain/bin/../lib/gcc/avr/4.7.2/avr5\libgcc.a(_copy_data.o)
 .bss           0x00000000        0x0 c:/program files (x86)/atmel/atmel toolchain/avr8 gcc/native/3.4.2.939/avr8-gnu-toolchain/bin/../lib/gcc/avr/4.7.2/avr5\libgcc.a(_copy_data.o)
 .text.libgcc.mul
                0x00000000        0x0 c:/program files (x86)/atmel/atmel toolchain/avr8 gcc/native/3.4.2.939/avr8-gnu-toolchain/bin/../lib/gcc/avr/4.7.2/avr5\libgcc.a(_copy_data.o)
 .text.libgcc.div
                0x00000000        0x0 c:/program files (x86)/atmel/atmel toolchain/avr8 gcc/native/3.4.2.939/avr8-gnu-toolchain/bin/../lib/gcc/avr/4.7.2/avr5\libgcc.a(_copy_data.o)
 .text.libgcc   0x00000000        0x0 c:/program files (x86)/atmel/atmel toolchain/avr8 gcc/native/3.4.2.939/avr8-gnu-toolchain/bin/../lib/gcc/avr/4.7.2/avr5\libgcc.a(_copy_data.o)
 .text.libgcc.prologue
                0x00000000        0x0 c:/program files (x86)/atmel/atmel toolchain/avr8 gcc/native/3.4.2.939/avr8-gnu-toolchain/bin/../lib/gcc/avr/4.7.2/avr5\libgcc.a(_copy_data.o)
 .text.libgcc.builtins
                0x00000000        0x0 c:/program files (x86)/atmel/atmel toolchain/avr8 gcc/native/3.4.2.939/avr8-gnu-toolchain/bin/../lib/gcc/avr/4.7.2/avr5\libgcc.a(_copy_data.o)
 .text.libgcc.fmul
                0x00000000        0x0 c:/program files (x86)/atmel/atmel toolchain/avr8 gcc/native/3.4.2.939/avr8-gnu-toolchain/bin/../lib/gcc/avr/4.7.2/avr5\libgcc.a(_copy_data.o)
 .text          0x00000000        0x0 c:/program files (x86)/atmel/atmel toolchain/avr8 gcc/native/3.4.2.939/avr8-gnu-toolchain/bin/../lib/gcc/avr/4.7.2/avr5\libgcc.a(_clear_bss.o)
 .bss           0x00000000        0x0 c:/program files (x86)/atmel/atmel toolchain/avr8 gcc/native/3.4.2.939/avr8-gnu-toolchain/bin/../lib/gcc/avr/4.7.2/avr5\libgcc.a(_clear_bss.o)
 .text.libgcc.mul
                0x00000000        0x0 c:/program files (x86)/atmel/atmel toolchain/avr8 gcc/native/3.4.2.939/avr8-gnu-toolchain/bin/../lib/gcc/avr/4.7.2/avr5\libgcc.a(_clear_bss.o)
 .text.libgcc.div
                0x00000000        0x0 c:/program files (x86)/atmel/atmel toolchain/avr8 gcc/native/3.4.2.939/avr8-gnu-toolchain/bin/../lib/gcc/avr/4.7.2/avr5\libgcc.a(_clear_bss.o)
 .text.libgcc   0x00000000        0x0 c:/program files (x86)/atmel/atmel toolchain/avr8 gcc/native/3.4.2.939/avr8-gnu-toolchain/bin/../lib/gcc/avr/4.7.2/avr5\libgcc.a(_clear_bss.o)
 .text.libgcc.prologue
                0x00000000        0x0 c:/program files (x86)/atmel/atmel toolchain/avr8 gcc/native/3.4.2.939/avr8-gnu-toolchain/bin/../lib/gcc/avr/4.7.2/avr5\libgcc.a(_clear_bss.o)
 .text.libgcc.builtins
                0x00000000        0x0 c:/program files (x86)/atmel/atmel toolchain/avr8 gcc/native/3.4.2.939/avr8-gnu-toolchain/bin/../lib/gcc/avr/4.7.2/avr5\libgcc.a(_clear_bss.o)
 .text.libgcc.fmul
                0x00000000        0x0 c:/program files (x86)/atmel/atmel toolchain/avr8 gcc/native/3.4.2.939/avr8-gnu-toolchain/bin/../lib/gcc/avr/4.7.2/avr5\libgcc.a(_clear_bss.o)
 .text          0x00000000        0x0 c:/program files (x86)/atmel/atmel toolchain/avr8 gcc/native/3.4.2.939/avr8-gnu-toolchain/bin/../lib/gcc/avr/4.7.2/../../../../avr/lib/avr5\libc.a(memcpy.o)
 .bss           0x00000000        0x0 c:/program files (x86)/atmel/atmel toolchain/avr8 gcc/native/3.4.2.939/avr8-gnu-toolchain/bin/../lib/gcc/avr/4.7.2/../../../../avr/lib/avr5\libc.a(memcpy.o)
 .text.avr-libc
                0x00000000       0x12 c:/program files (x86)/atmel/atmel toolchain/avr8 gcc/native/3.4.2.939/avr8-gnu-toolchain/bin/../lib/gcc/avr/4.7.2/../../../../avr/lib/avr5\libc.a(memcpy.o)

Memory Configuration

Name             Origin             Length             Attributes
text             0x00000000         0x00020000         xr
data             0x00800060         0x0000ffa0         rw !x
eeprom           0x00810000         0x00010000         rw !x
fuse             0x00820000         0x00000400         rw !x
lock             0x00830000         0x00000400         rw !x
signature        0x00840000         0x00000400         rw !x
user_signatures  0x00850000         0x00000400         rw !x
*default*        0x00000000         0xffffffff

Linker script and memory map

LOAD c:/program files (x86)/atmel/atmel toolchain/avr8 gcc/native/3.4.2.939/avr8-gnu-toolchain/bin/../lib/gcc/avr/4.7.2/../../../../avr/lib/avr5/crtm32.o
LOAD APP/main.o
LOAD HAL/LED/Src/Led.o
LOAD MCAL/DIO/Src/Dio.o
LOAD MCAL/UART/Src/Uart.o
LOAD OS/Src/croutine.o
LOAD OS/Src/heap_4.o
LOAD OS/Src/list.o
LOAD OS/Src/port.o
LOAD OS/Src/queue.o
LOAD OS/Src/tasks.o
LOAD OS/Src/timers.o
START GROUP
LOAD c:/program files (x86)/atmel/atmel toolchain/avr8 gcc/native/3.4.2.939/avr8-gnu-toolchain/bin/../lib/gcc/avr/4.7.2/../../../../avr/lib/avr5\libm.a
END GROUP
LOAD c:/program files (x86)/atmel/atmel toolchain/avr8 gcc/native/3.4.2.939/avr8-gnu-toolchain/bin/../lib/gcc/avr/4.7.2/avr5\libgcc.a
LOAD c:/program files (x86)/atmel/atmel toolchain/avr8 gcc/native/3.4.2.939/avr8-gnu-toolchain/bin/../lib/gcc/avr/4.7.2/../../../../avr/lib/avr5\libc.a
LOAD c:/program files (x86)/atmel/atmel toolchain/avr8 gcc/native/3.4.2.939/avr8-gnu-toolchain/bin/../lib/gcc/avr/4.7.2/avr5\libgcc.a

.hash
 *(.hash)

.dynsym
 *(.dynsym)

.dynstr
 *(.dynstr)

.gnu.version
 *(.gnu.version)

.gnu.version_d
 *(.gnu.version_d)

.gnu.version_r
 *(.gnu.version_r)

.rel.init
 *(.rel.init)

.rela.init
 *(.rela.init)

.rel.text
 *(.rel.text)
 *(.rel.text.*)
 *(.rel.gnu.linkonce.t*)

.rela.text
 *(.rela.text)
 *(.rela.text.*)
 *(.rela.gnu.linkonce.t*)

.rel.fini
 *(.rel.fini)

.rela.fini
 *(.rela.fini)

.rel.rodata
 *(.rel.rodata)
 *(.rel.rodata.*)
 *(.rel.gnu.linkonce.r*)

.rela.rodata
 *(.rela.rodata)
 *(.rela.rodata.*)
 *(.rela.gnu.linkonce.r*)

.rel.data
 *(.rel.data)
 *(.rel.data.*)
 *(.rel.gnu.linkonce.d*)

.rela.data
 *(.rela.data)
 *(.rela.data.*)
 *(.rela.gnu.linkonce.d*)

.rel.ctors
 *(.rel.ctors)

.rela.ctors
 *(.rela.ctors)

.rel.dtors
 *(.rel.dtors)

.rela.dtors
 *(.rela.dtors)

.rel.got
 *(.rel.got)

.rela.got
 *(.rela.got)

.rel.bss
 *(.rel.bss)

.rela.bss
 *(.rela.bss)

.rel.plt
 *(.rel.plt)

.rela.plt
 *(.rela.plt)

.text           0x00000000      0xf14
 *(.vectors)
 .vectors       0x00000000       0x54 c:/program files (x86)/atmel/atmel toolchain/avr8 gcc/native/3.4.2.939/avr8-gnu-toolchain/bin/../lib/gcc/avr/4.7.2/../../../../avr/lib/avr5/crtm32.o
                0x00000000                __vector_default
                0x00000000                __vectors
 *(.vectors)
 *(.progmem.gcc*)
 *(.progmem*)
                0x00000054                . = ALIGN (0x2)
                0x00000054                __trampolines_start = .
 *(.trampolines)
 .trampolines   0x00000054        0x0 linker stubs
 *(.trampolines*)
                0x00000054                __trampolines_end = .
 *(.jumptables)
 *(.jumptables*)
 *(.lowtext)
 *(.lowtext*)
                0x00000054                __ctors_start = .
 *(.ctors)
                0x00000054                __ctors_end = .
                0x00000054                __dtors_start = .
 *(.dtors)
                0x00000054                __dtors_end = .
 SORT(*)(.ctors)
 SORT(*)(.dtors)
 *(.init0)
 .init0         0x00000054        0x0 c:/program files (x86)/atmel/atmel toolchain/avr8 gcc/native/3.4.2.939/avr8-gnu-toolchain/bin/../lib/gcc/avr/4.7.2/../../../../avr/lib/avr5/crtm32.o
                0x00000054                __init
 *(.init0)
 *(.init1)
 *(.init1)
 *(.init2)
 .init2         0x00000054        0xc c:/program files (x86)/atmel/atmel toolchain/avr8 gcc/native/3.4.2.939/avr8-gnu-toolchain/bin/../lib/gcc/avr/4.7.2/../../../../avr/lib/avr5/crtm32.o
 *(.init2)
 *(.init3)
 *(.init3)
 *(.init4)
 .init4         0x00000060       0x16 c:/program files (x86)/atmel/atmel toolchain/avr8 gcc/native/3.4.2.939/avr8-gnu-toolchain/bin/../lib/gcc/avr/4.7.2/avr5\libgcc.a(_copy_data.o)
                0x00000060                __do_copy_data
 .init4         0x00000076       0x10 c:/program files (x86)/atmel/atmel toolchain/avr8 gcc/native/3.4.2.939/avr8-gnu-toolchain/bin/../lib/gcc/avr/4.7.2/avr5\libgcc.a(_clear_bss.o)
                0x00000076                __do_clear_bss
 *(.init4)
 *(.init5)
 *(.init5)
 *(.init6)
 *(.init6)
 *(.init7)
 *(.init7)
 *(.init8)
 *(.init8)
 *(.init9)
 .init9         0x00000086        0x8 c:/program files (x86)/atmel/atmel toolchain/avr8 gcc/native/3.4.2.939/avr8-gnu-toolchain/bin/../lib/gcc/avr/4.7.2/../../../../avr/lib/avr5/crtm32.o
 *(.init9)
 *(.text)
 .text          0x0000008e        0x4 c:/program files (x86)/atmel/atmel toolchain/avr8 gcc/native/3.4.2.939/avr8-gnu-toolchain/bin/../lib/gcc/avr/4.7.2/../../../../avr/lib/avr5/crtm32.o
                0x0000008e                __vector_1
                0x0000008e                __vector_12
                0x0000008e                __bad_interrupt
                0x0000008e                __vector_6
                0x0000008e                __vector_3
                0x0000008e                __vector_11
                0x0000008e                __vector_13
                0x0000008e                __vector_17
                0x0000008e                __vector_19
                0x0000008e                __vector_5
                0x0000008e                __vector_4
                0x0000008e                __vector_9
                0x0000008e                __vector_2
                0x0000008e                __vector_15
                0x0000008e                __vector_8
                0x0000008e                __vector_14
                0x0000008e                __vector_10
                0x0000008e                __vector_16
                0x0000008e                __vector_18
                0x0000008e                __vector_20
                0x00000092                . = ALIGN (0x2)
 *(.text.*)
 .text.Task_1   0x00000092        0xa APP/main.o
                0x00000092                Task_1
 .text.Task_2   0x0000009c       0x12 APP/main.o
                0x0000009c                Task_2
 .text.main     0x000000ae       0x60 APP/main.o
                0x000000ae                main
 .text.UART_Init
                0x0000010e       0x10 MCAL/UART/Src/Uart.o
                0x0000010e                UART_Init
 .text.UART_TransmitChr
                0x0000011e        0x8 MCAL/UART/Src/Uart.o
                0x0000011e                UART_TransmitChr
 .text.UART_TransmitStr
                0x00000126       0x1e MCAL/UART/Src/Uart.o
                0x00000126                UART_TransmitStr
 .text.prvInsertBlockIntoFreeList
                0x00000144       0x9a OS/Src/heap_4.o
 .text.pvPortMalloc
                0x000001de      0x184 OS/Src/heap_4.o
                0x000001de                pvPortMalloc
 .text.vPortFree
                0x00000362       0x68 OS/Src/heap_4.o
                0x00000362                vPortFree
 .text.vListInitialise
                0x000003ca       0x1c OS/Src/list.o
                0x000003ca                vListInitialise
 .text.vListInitialiseItem
                0x000003e6        0x8 OS/Src/list.o
                0x000003e6                vListInitialiseItem
 .text.vListInsertEnd
                0x000003ee       0x42 OS/Src/list.o
                0x000003ee                vListInsertEnd
 .text.vListInsert
                0x00000430       0x62 OS/Src/list.o
                0x00000430                vListInsert
 .text.uxListRemove
                0x00000492       0x4c OS/Src/list.o
                0x00000492                uxListRemove
 .text.pxPortInitialiseStack
                0x000004de      0x128 OS/Src/port.o
                0x000004de                pxPortInitialiseStack
 .text.xPortStartScheduler
                0x00000606       0x6a OS/Src/port.o
                0x00000606                xPortStartScheduler
 .text.vPortYield
                0x00000670       0xb2 OS/Src/port.o
                0x00000670                vPortYield
 .text.vPortYieldFromTick
                0x00000722       0xb8 OS/Src/port.o
                0x00000722                vPortYieldFromTick
 .text.__vector_7
                0x000007da        0x6 OS/Src/port.o
                0x000007da                __vector_7
 .text.prvResetNextTaskUnblockTime
                0x000007e0       0x3e OS/Src/tasks.o
 .text.prvAddCurrentTaskToDelayedList
                0x0000081e       0x6e OS/Src/tasks.o
 .text.xTaskGenericCreate
                0x0000088c      0x220 OS/Src/tasks.o
                0x0000088c                xTaskGenericCreate
 .text.vTaskStartScheduler
                0x00000aac       0x64 OS/Src/tasks.o
                0x00000aac                vTaskStartScheduler
 .text.vTaskSuspendAll
                0x00000b10        0xc OS/Src/tasks.o
                0x00000b10                vTaskSuspendAll
 .text.xTaskIncrementTick
                0x00000b1c      0x17e OS/Src/tasks.o
                0x00000b1c                xTaskIncrementTick
 .text.xTaskResumeAll
                0x00000c9a      0x102 OS/Src/tasks.o
                0x00000c9a                xTaskResumeAll
 .text.prvIdleTask
                0x00000d9c       0x78 OS/Src/tasks.o
 .text.vTaskDelay
                0x00000e14       0x40 OS/Src/tasks.o
                0x00000e14                vTaskDelay
 .text.vTaskSwitchContext
                0x00000e54       0xbc OS/Src/tasks.o
                0x00000e54                vTaskSwitchContext
                0x00000f10                . = ALIGN (0x2)
 *(.fini9)
 .fini9         0x00000f10        0x0 c:/program files (x86)/atmel/atmel toolchain/avr8 gcc/native/3.4.2.939/avr8-gnu-toolchain/bin/../lib/gcc/avr/4.7.2/avr5\libgcc.a(_exit.o)
                0x00000f10                _exit
                0x00000f10                exit
 *(.fini9)
 *(.fini8)
 *(.fini8)
 *(.fini7)
 *(.fini7)
 *(.fini6)
 *(.fini6)
 *(.fini5)
 *(.fini5)
 *(.fini4)
 *(.fini4)
 *(.fini3)
 *(.fini3)
 *(.fini2)
 *(.fini2)
 *(.fini1)
 *(.fini1)
 *(.fini0)
 .fini0         0x00000f10        0x4 c:/program files (x86)/atmel/atmel toolchain/avr8 gcc/native/3.4.2.939/avr8-gnu-toolchain/bin/../lib/gcc/avr/4.7.2/avr5\libgcc.a(_exit.o)
 *(.fini0)
                0x00000f14                _etext = .

.data           0x00800060       0x54 load address 0x00000f14
                0x00800060                PROVIDE (__data_start, .)
 *(.data)
 .data          0x00800060        0x0 c:/program files (x86)/atmel/atmel toolchain/avr8 gcc/native/3.4.2.939/avr8-gnu-toolchain/bin/../lib/gcc/avr/4.7.2/../../../../avr/lib/avr5/crtm32.o
 .data          0x00800060        0x0 APP/main.o
 .data          0x00800060        0x0 HAL/LED/Src/Led.o
 .data          0x00800060        0x0 MCAL/DIO/Src/Dio.o
 .data          0x00800060        0x0 MCAL/UART/Src/Uart.o
 .data          0x00800060        0x0 OS/Src/croutine.o
 .data          0x00800060        0x0 OS/Src/heap_4.o
 .data          0x00800060        0x0 OS/Src/list.o
 .data          0x00800060        0x0 OS/Src/port.o
 .data          0x00800060        0x0 OS/Src/queue.o
 .data          0x00800060        0x0 OS/Src/tasks.o
 .data          0x00800060        0x0 OS/Src/timers.o
 .data          0x00800060        0x0 c:/program files (x86)/atmel/atmel toolchain/avr8 gcc/native/3.4.2.939/avr8-gnu-toolchain/bin/../lib/gcc/avr/4.7.2/avr5\libgcc.a(_exit.o)
 .data          0x00800060        0x0 c:/program files (x86)/atmel/atmel toolchain/avr8 gcc/native/3.4.2.939/avr8-gnu-toolchain/bin/../lib/gcc/avr/4.7.2/avr5\libgcc.a(_copy_data.o)
 .data          0x00800060        0x0 c:/program files (x86)/atmel/atmel toolchain/avr8 gcc/native/3.4.2.939/avr8-gnu-toolchain/bin/../lib/gcc/avr/4.7.2/avr5\libgcc.a(_clear_bss.o)
 .data          0x00800060        0x0 c:/program files (x86)/atmel/atmel toolchain/avr8 gcc/native/3.4.2.939/avr8-gnu-toolchain/bin/../lib/gcc/avr/4.7.2/../../../../avr/lib/avr5\libc.a(memcpy.o)
 *(.data*)
 *(.rodata)
 *(.rodata*)
 .rodata.str1.1
                0x00800060       0x4f APP/main.o
 .rodata.str1.1
                0x008000af        0x5 OS/Src/tasks.o
 *(.gnu.linkonce.d*)
                0x008000b4                . = ALIGN (0x2)
                0x008000b4                _edata = .
                0x008000b4                PROVIDE (__data_end, .)

.bss            0x008000b4      0x25b
                0x008000b4                PROVIDE (__bss_start, .)
 *(.bss)
 *(.bss*)
 .bss.pxEnd     0x008000b4        0x2 OS/Src/heap_4.o
 .bss.xBlockAllocatedBit
                0x008000b6        0x2 OS/Src/heap_4.o
 .bss.xFreeBytesRemaining
                0x008000b8        0x2 OS/Src/heap_4.o
 .bss.xStart    0x008000ba        0x4 OS/Src/heap_4.o
 .bss.xMinimumEverFreeBytesRemaining
                0x008000be        0x2 OS/Src/heap_4.o
 .bss.ucHeap    0x008000c0      0x1f4 OS/Src/heap_4.o
 .bss.uxSchedulerSuspended
                0x008002b4        0x1 OS/Src/tasks.o
 .bss.xNextTaskUnblockTime
                0x008002b5        0x2 OS/Src/tasks.o
 .bss.xNumOfOverflows
                0x008002b7        0x1 OS/Src/tasks.o
 .bss.xYieldPending
                0x008002b8        0x1 OS/Src/tasks.o
 .bss.uxPendedTicks
                0x008002b9        0x1 OS/Src/tasks.o
 .bss.xSchedulerRunning
                0x008002ba        0x1 OS/Src/tasks.o
 .bss.uxTopReadyPriority
                0x008002bb        0x1 OS/Src/tasks.o
 .bss.xTickCount
                0x008002bc        0x2 OS/Src/tasks.o
 .bss.uxCurrentNumberOfTasks
                0x008002be        0x1 OS/Src/tasks.o
 .bss.uxTasksDeleted
                0x008002bf        0x1 OS/Src/tasks.o
 .bss.pxOverflowDelayedTaskList
                0x008002c0        0x2 OS/Src/tasks.o
 .bss.pxDelayedTaskList
                0x008002c2        0x2 OS/Src/tasks.o
 .bss.pxCurrentTCB
                0x008002c4        0x2 OS/Src/tasks.o
                0x008002c4                pxCurrentTCB
 .bss.uxTaskNumber
                0x008002c6        0x1 OS/Src/tasks.o
 .bss.pxReadyTasksLists
                0x008002c7       0x24 OS/Src/tasks.o
 .bss.xDelayedTaskList1
                0x008002eb        0x9 OS/Src/tasks.o
 .bss.xDelayedTaskList2
                0x008002f4        0x9 OS/Src/tasks.o
 .bss.xPendingReadyList
                0x008002fd        0x9 OS/Src/tasks.o
 .bss.xTasksWaitingTermination
                0x00800306        0x9 OS/Src/tasks.o
 *(COMMON)
                0x0080030f                PROVIDE (__bss_end, .)
                0x00000f14                __data_load_start = LOADADDR (.data)
                0x00000f68                __data_load_end = (__data_load_start + SIZEOF (.data))

.noinit         0x0080030f        0x0
                0x0080030f                PROVIDE (__noinit_start, .)
 *(.noinit*)
                0x0080030f                PROVIDE (__noinit_end, .)
                0x0080030f                _end = .
                0x0080030f                PROVIDE (__heap_start, .)

.eeprom         0x00810000        0x0
 *(.eeprom*)
                0x00810000                __eeprom_end = .

.fuse
 *(.fuse)
 *(.lfuse)
 *(.hfuse)
 *(.efuse)

.lock
 *(.lock*)

.signature
 *(.signature*)

.user_signatures
 *(.user_signatures*)

.stab           0x00000000      0x750
 *(.stab)
 .stab          0x00000000      0x6cc c:/program files (x86)/atmel/atmel toolchain/avr8 gcc/native/3.4.2.939/avr8-gnu-toolchain/bin/../lib/gcc/avr/4.7.2/../../../../avr/lib/avr5/crtm32.o
 .stab          0x000006cc       0x84 c:/program files (x86)/atmel/atmel toolchain/avr8 gcc/native/3.4.2.939/avr8-gnu-toolchain/bin/../lib/gcc/avr/4.7.2/../../../../avr/lib/avr5\libc.a(memcpy.o)
                                 0x90 (size before relaxing)

.stabstr        0x00000000      0x10b
 *(.stabstr)
 .stabstr       0x00000000      0x10b c:/program files (x86)/atmel/atmel toolchain/avr8 gcc/native/3.4.2.939/avr8-gnu-toolchain/bin/../lib/gcc/avr/4.7.2/../../../../avr/lib/avr5/crtm32.o

.stab.excl
 *(.stab.excl)

.stab.exclstr
 *(.stab.exclstr)

.stab.index
 *(.stab.index)

.stab.indexstr
 *(.stab.indexstr)

.comment        0x00000000       0x2f
 *(.comment)
 .comment       0x00000000       0x2f APP/main.o
                                 0x30 (size before relaxing)
 .comment       0x00000000       0x30 HAL/LED/Src/Led.o
 .comment       0x00000000       0x30 MCAL/DIO/Src/Dio.o
 .comment       0x00000000       0x30 MCAL/UART/Src/Uart.o
 .comment       0x00000000       0x30 OS/Src/croutine.o
 .comment       0x00000000       0x30 OS/Src/heap_4.o
 .comment       0x00000000       0x30 OS/Src/list.o
 .comment       0x00000000       0x30 OS/Src/port.o
 .comment       0x00000000       0x30 OS/Src/queue.o
 .comment       0x00000000       0x30 OS/Src/tasks.o
 .comment       0x00000000       0x30 OS/Src/timers.o

.debug
 *(.debug)

.line
 *(.line)

.debug_srcinfo
 *(.debug_srcinfo)

.debug_sfnames
 *(.debug_sfnames)

.debug_aranges  0x00000000      0x390
 *(.debug_aranges)
 .debug_aranges
                0x00000000       0x30 APP/main.o
 .debug_aranges
                0x00000030       0x38 HAL/LED/Src/Led.o
 .debug_aranges
                0x00000068       0x48 MCAL/DIO/Src/Dio.o
 .debug_aranges
                0x000000b0       0x38 MCAL/UART/Src/Uart.o
 .debug_aranges
                0x000000e8       0x18 OS/Src/croutine.o
 .debug_aranges
                0x00000100       0x48 OS/Src/heap_4.o
 .debug_aranges
                0x00000148       0x40 OS/Src/list.o
 .debug_aranges
                0x00000188       0x48 OS/Src/port.o
 .debug_aranges
                0x000001d0       0xa0 OS/Src/queue.o
 .debug_aranges
                0x00000270      0x108 OS/Src/tasks.o
 .debug_aranges
                0x00000378       0x18 OS/Src/timers.o

.debug_pubnames
 *(.debug_pubnames)

.debug_info     0x00000000     0x3cb2
 *(.debug_info)
 .debug_info    0x00000000      0x4bb APP/main.o
 .debug_info    0x000004bb      0x35f HAL/LED/Src/Led.o
 .debug_info    0x0000081a      0x2b9 MCAL/DIO/Src/Dio.o
 .debug_info    0x00000ad3      0x11c MCAL/UART/Src/Uart.o
 .debug_info    0x00000bef       0x64 OS/Src/croutine.o
 .debug_info    0x00000c53      0x39d OS/Src/heap_4.o
 .debug_info    0x00000ff0      0x2c6 OS/Src/list.o
 .debug_info    0x000012b6      0x261 OS/Src/port.o
 .debug_info    0x00001517      0xf8a OS/Src/queue.o
 .debug_info    0x000024a1     0x17ad OS/Src/tasks.o
 .debug_info    0x00003c4e       0x64 OS/Src/timers.o
 *(.gnu.linkonce.wi.*)

.debug_abbrev   0x00000000      0xec3
 *(.debug_abbrev)
 .debug_abbrev  0x00000000      0x1d2 APP/main.o
 .debug_abbrev  0x000001d2       0xc7 HAL/LED/Src/Led.o
 .debug_abbrev  0x00000299       0xd7 MCAL/DIO/Src/Dio.o
 .debug_abbrev  0x00000370       0xc8 MCAL/UART/Src/Uart.o
 .debug_abbrev  0x00000438       0x26 OS/Src/croutine.o
 .debug_abbrev  0x0000045e      0x208 OS/Src/heap_4.o
 .debug_abbrev  0x00000666       0xf8 OS/Src/list.o
 .debug_abbrev  0x0000075e      0x167 OS/Src/port.o
 .debug_abbrev  0x000008c5      0x2a0 OS/Src/queue.o
 .debug_abbrev  0x00000b65      0x338 OS/Src/tasks.o
 .debug_abbrev  0x00000e9d       0x26 OS/Src/timers.o

.debug_line     0x00000000     0x14dc
 *(.debug_line)
 .debug_line    0x00000000      0x215 APP/main.o
 .debug_line    0x00000215       0xd4 HAL/LED/Src/Led.o
 .debug_line    0x000002e9      0x10c MCAL/DIO/Src/Dio.o
 .debug_line    0x000003f5       0x9e MCAL/UART/Src/Uart.o
 .debug_line    0x00000493       0x1a OS/Src/croutine.o
 .debug_line    0x000004ad      0x240 OS/Src/heap_4.o
 .debug_line    0x000006ed      0x166 OS/Src/list.o
 .debug_line    0x00000853      0x1aa OS/Src/port.o
 .debug_line    0x000009fd      0x430 OS/Src/queue.o
 .debug_line    0x00000e2d      0x695 OS/Src/tasks.o
 .debug_line    0x000014c2       0x1a OS/Src/timers.o

.debug_frame    0x00000000      0x948
 *(.debug_frame)
 .debug_frame   0x00000000       0x44 APP/main.o
 .debug_frame   0x00000044       0x54 HAL/LED/Src/Led.o
 .debug_frame   0x00000098       0x74 MCAL/DIO/Src/Dio.o
 .debug_frame   0x0000010c       0x60 MCAL/UART/Src/Uart.o
 .debug_frame   0x0000016c       0xb4 OS/Src/heap_4.o
 .debug_frame   0x00000220       0x88 OS/Src/list.o
 .debug_frame   0x000002a8       0x74 OS/Src/port.o
 .debug_frame   0x0000031c      0x230 OS/Src/queue.o
 .debug_frame   0x0000054c      0x3fc OS/Src/tasks.o

.debug_str      0x00000000     0x12b8
 *(.debug_str)
 .debug_str     0x00000000      0x222 APP/main.o
                                0x266 (size before relaxing)
 .debug_str     0x00000222      0x15c HAL/LED/Src/Led.o
                                0x1e3 (size before relaxing)
 .debug_str     0x0000037e       0x77 MCAL/DIO/Src/Dio.o
                                0x212 (size before relaxing)
 .debug_str     0x000003f5       0x47 MCAL/UART/Src/Uart.o
                                 0xe9 (size before relaxing)
 .debug_str     0x0000043c       0x15 OS/Src/croutine.o
                                 0xc0 (size before relaxing)
 .debug_str     0x00000451      0x1f7 OS/Src/heap_4.o
                                0x2b5 (size before relaxing)
 .debug_str     0x00000648      0x123 OS/Src/list.o
                                0x1f6 (size before relaxing)
 .debug_str     0x0000076b       0xf5 OS/Src/port.o
                                0x1f8 (size before relaxing)
 .debug_str     0x00000860      0x3e7 OS/Src/queue.o
                                0x5e7 (size before relaxing)
 .debug_str     0x00000c47      0x65e OS/Src/tasks.o
                                0xa92 (size before relaxing)
 .debug_str     0x000012a5       0x13 OS/Src/timers.o
                                 0xbe (size before relaxing)

.debug_loc      0x00000000     0x3c83
 *(.debug_loc)
 .debug_loc     0x00000000       0xf9 HAL/LED/Src/Led.o
 .debug_loc     0x000000f9      0x9e2 MCAL/DIO/Src/Dio.o
 .debug_loc     0x00000adb       0x7d MCAL/UART/Src/Uart.o
 .debug_loc     0x00000b58      0x3c9 OS/Src/heap_4.o
 .debug_loc     0x00000f21      0x151 OS/Src/list.o
 .debug_loc     0x00001072      0x4dc OS/Src/port.o
 .debug_loc     0x0000154e      0xf47 OS/Src/queue.o
 .debug_loc     0x00002495     0x17ee OS/Src/tasks.o

.debug_macinfo
 *(.debug_macinfo)

.debug_pubtypes
 *(.debug_pubtypes)

.debug_ranges   0x00000000      0x390
 *(.debug_ranges)
 .debug_ranges  0x00000000       0x20 APP/main.o
 .debug_ranges  0x00000020       0x28 HAL/LED/Src/Led.o
 .debug_ranges  0x00000048       0x38 MCAL/DIO/Src/Dio.o
 .debug_ranges  0x00000080       0x28 MCAL/UART/Src/Uart.o
 .debug_ranges  0x000000a8       0x38 OS/Src/heap_4.o
 .debug_ranges  0x000000e0       0x30 OS/Src/list.o
 .debug_ranges  0x00000110       0x38 OS/Src/port.o
 .debug_ranges  0x00000148       0x90 OS/Src/queue.o
 .debug_ranges  0x000001d8      0x1b8 OS/Src/tasks.o

.debug_macro
 *(.debug_macro)
OUTPUT(L11_RTOS.elf elf32-avr)
LOAD linker stubs
